============================= test session starts =============================
platform win32 -- Python 3.13.9, pytest-9.1.1, pluggy-1.6.0 -- C:\Users\Пользователь\AppData\Local\Programs\Python\Python313\python.exe
cachedir: .pytest_cache
rootdir: C:\Users\Пользователь\Downloads\neomarket-canon-US-MOD-01\neomarket-canon-US-MOD-01\tests
configfile: pytest.ini
plugins: anyio-4.14.0, asyncio-1.4.0
asyncio: mode=Mode.AUTO, debug=False, asyncio_default_fixture_loop_scope=None, asyncio_default_test_loop_scope=function
collecting ... collected 4 items

tests\test_b2b_products.py::TestGetModeratedProduct::test_get_moderated_product_returns_full_payload ERROR [ 25%]
tests\test_b2b_products.py::TestGetBlockedProduct::test_get_blocked_product_returns_blocking_reason_and_field_reports ERROR [ 50%]
tests\test_b2b_products.py::TestGetOthersProduct::test_get_others_product_returns_404 ERROR [ 75%]
tests\test_b2b_products.py::TestGetNonexistentProduct::test_get_nonexistent_returns_404 FAILED [100%]

=================================== ERRORS ====================================
_ ERROR at setup of TestGetModeratedProduct.test_get_moderated_product_returns_full_payload _
..\..\..\AppData\Local\Programs\Python\Python313\Lib\site-packages\sqlalchemy\sql\visitors.py:134: in _compiler_dispatch
    meth = getter(visitor)
           ^^^^^^^^^^^^^^^
E   AttributeError: 'SQLiteTypeCompiler' object has no attribute 'visit_JSONB'. Did you mean: 'visit_JSON'?

The above exception was the direct cause of the following exception:
..\..\..\AppData\Local\Programs\Python\Python313\Lib\site-packages\sqlalchemy\sql\compiler.py:6791: in visit_create_table
    processed = self.process(
..\..\..\AppData\Local\Programs\Python\Python313\Lib\site-packages\sqlalchemy\sql\compiler.py:933: in process
    return obj._compiler_dispatch(self, **kwargs)
           ^^^^^^^^^^^^^^^^^^^^^^^^^^^^^^^^^^^^^^
..\..\..\AppData\Local\Programs\Python\Python313\Lib\site-packages\sqlalchemy\sql\visitors.py:138: in _compiler_dispatch
    return meth(self, **kw)  # type: ignore  # noqa: E501
           ^^^^^^^^^^^^^^^^
..\..\..\AppData\Local\Programs\Python\Python313\Lib\site-packages\sqlalchemy\sql\compiler.py:6822: in visit_create_column
    text = self.get_column_specification(column, first_pk=first_pk)
           ^^^^^^^^^^^^^^^^^^^^^^^^^^^^^^^^^^^^^^^^^^^^^^^^^^^^^^^^
..\..\..\AppData\Local\Programs\Python\Python313\Lib\site-packages\sqlalchemy\dialects\sqlite\base.py:1692: in get_column_specification
    coltype = self.dialect.type_compiler_instance.process(
..\..\..\AppData\Local\Programs\Python\Python313\Lib\site-packages\sqlalchemy\sql\compiler.py:978: in process
    return type_._compiler_dispatch(self, **kw)
           ^^^^^^^^^^^^^^^^^^^^^^^^^^^^^^^^^^^^
..\..\..\AppData\Local\Programs\Python\Python313\Lib\site-packages\sqlalchemy\sql\visitors.py:136: in _compiler_dispatch
    return visitor.visit_unsupported_compilation(self, err, **kw)  # type: ignore  # noqa: E501
           ^^^^^^^^^^^^^^^^^^^^^^^^^^^^^^^^^^^^^^^^^^^^^^^^^^^^^^
..\..\..\AppData\Local\Programs\Python\Python313\Lib\site-packages\sqlalchemy\sql\compiler.py:983: in visit_unsupported_compilation
    raise exc.UnsupportedCompilationError(self, element) from err
E   sqlalchemy.exc.UnsupportedCompilationError: Compiler <sqlalchemy.dialects.sqlite.base.SQLiteTypeCompiler object at 0x000001F6C6B73620> can't render element of type JSONB (Background on this error at: https://sqlalche.me/e/20/l7de)

The above exception was the direct cause of the following exception:
..\..\..\AppData\Local\Programs\Python\Python313\Lib\site-packages\pytest_asyncio\plugin.py:558: in setup
    return super().setup()
           ^^^^^^^^^^^^^^^
..\..\..\AppData\Local\Programs\Python\Python313\Lib\site-packages\pytest_asyncio\plugin.py:944: in pytest_fixture_setup
    hook_result = yield
                  ^^^^^
..\..\..\AppData\Local\Programs\Python\Python313\Lib\site-packages\pytest_asyncio\plugin.py:407: in _asyncgen_fixture_wrapper
    result = runner.run(setup(), context=context)
             ^^^^^^^^^^^^^^^^^^^^^^^^^^^^^^^^^^^^
..\..\..\AppData\Local\Programs\Python\Python313\Lib\asyncio\runners.py:118: in run
    return self._loop.run_until_complete(task)
           ^^^^^^^^^^^^^^^^^^^^^^^^^^^^^^^^^^^
..\..\..\AppData\Local\Programs\Python\Python313\Lib\asyncio\base_events.py:725: in run_until_complete
    return future.result()
           ^^^^^^^^^^^^^^^
..\..\..\AppData\Local\Programs\Python\Python313\Lib\site-packages\pytest_asyncio\plugin.py:403: in setup
    res = await gen_obj.__anext__()
          ^^^^^^^^^^^^^^^^^^^^^^^^^
tests\conftest.py:54: in setup_database
    await conn.run_sync(Base.metadata.create_all)
..\..\..\AppData\Local\Programs\Python\Python313\Lib\site-packages\sqlalchemy\ext\asyncio\engine.py:888: in run_sync
    return await greenlet_spawn(
..\..\..\AppData\Local\Programs\Python\Python313\Lib\site-packages\sqlalchemy\util\_concurrency_py3k.py:203: in greenlet_spawn
    result = context.switch(value)
             ^^^^^^^^^^^^^^^^^^^^^
..\..\..\AppData\Local\Programs\Python\Python313\Lib\site-packages\sqlalchemy\sql\schema.py:5928: in create_all
    bind._run_ddl_visitor(
..\..\..\AppData\Local\Programs\Python\Python313\Lib\site-packages\sqlalchemy\engine\base.py:2467: in _run_ddl_visitor
    ).traverse_single(element)
      ^^^^^^^^^^^^^^^^^^^^^^^^
..\..\..\AppData\Local\Programs\Python\Python313\Lib\site-packages\sqlalchemy\sql\visitors.py:661: in traverse_single
    return meth(obj, **kw)
           ^^^^^^^^^^^^^^^
..\..\..\AppData\Local\Programs\Python\Python313\Lib\site-packages\sqlalchemy\sql\ddl.py:984: in visit_metadata
    self.traverse_single(
..\..\..\AppData\Local\Programs\Python\Python313\Lib\site-packages\sqlalchemy\sql\visitors.py:661: in traverse_single
    return meth(obj, **kw)
           ^^^^^^^^^^^^^^^
..\..\..\AppData\Local\Programs\Python\Python313\Lib\site-packages\sqlalchemy\sql\ddl.py:1022: in visit_table
    )._invoke_with(self.connection)
      ^^^^^^^^^^^^^^^^^^^^^^^^^^^^^
..\..\..\AppData\Local\Programs\Python\Python313\Lib\site-packages\sqlalchemy\sql\ddl.py:321: in _invoke_with
    return bind.execute(self)
           ^^^^^^^^^^^^^^^^^^
..\..\..\AppData\Local\Programs\Python\Python313\Lib\site-packages\sqlalchemy\engine\base.py:1419: in execute
    return meth(
..\..\..\AppData\Local\Programs\Python\Python313\Lib\site-packages\sqlalchemy\sql\ddl.py:187: in _execute_on_connection
    return connection._execute_ddl(
..\..\..\AppData\Local\Programs\Python\Python313\Lib\site-packages\sqlalchemy\engine\base.py:1527: in _execute_ddl
    compiled = ddl.compile(
..\..\..\AppData\Local\Programs\Python\Python313\Lib\site-packages\sqlalchemy\sql\elements.py:312: in compile
    return self._compiler(dialect, **kw)
           ^^^^^^^^^^^^^^^^^^^^^^^^^^^^^
..\..\..\AppData\Local\Programs\Python\Python313\Lib\site-packages\sqlalchemy\sql\ddl.py:76: in _compiler
    return dialect.ddl_compiler(dialect, self, **kw)
           ^^^^^^^^^^^^^^^^^^^^^^^^^^^^^^^^^^^^^^^^^
..\..\..\AppData\Local\Programs\Python\Python313\Lib\site-packages\sqlalchemy\sql\compiler.py:887: in __init__
    self.string = self.process(self.statement, **compile_kwargs)
                  ^^^^^^^^^^^^^^^^^^^^^^^^^^^^^^^^^^^^^^^^^^^^^^
..\..\..\AppData\Local\Programs\Python\Python313\Lib\site-packages\sqlalchemy\sql\compiler.py:933: in process
    return obj._compiler_dispatch(self, **kwargs)
           ^^^^^^^^^^^^^^^^^^^^^^^^^^^^^^^^^^^^^^
..\..\..\AppData\Local\Programs\Python\Python313\Lib\site-packages\sqlalchemy\sql\visitors.py:138: in _compiler_dispatch
    return meth(self, **kw)  # type: ignore  # noqa: E501
           ^^^^^^^^^^^^^^^^
..\..\..\AppData\Local\Programs\Python\Python313\Lib\site-packages\sqlalchemy\sql\compiler.py:6801: in visit_create_table
    raise exc.CompileError(
E   sqlalchemy.exc.CompileError: (in table 'product_moderation', column 'json_before'): Compiler <sqlalchemy.dialects.sqlite.base.SQLiteTypeCompiler object at 0x000001F6C6B73620> can't render element of type JSONB
_ ERROR at setup of TestGetBlockedProduct.test_get_blocked_product_returns_blocking_reason_and_field_reports _
..\..\..\AppData\Local\Programs\Python\Python313\Lib\site-packages\sqlalchemy\sql\visitors.py:134: in _compiler_dispatch
    meth = getter(visitor)
           ^^^^^^^^^^^^^^^
E   AttributeError: 'SQLiteTypeCompiler' object has no attribute 'visit_JSONB'. Did you mean: 'visit_JSON'?

The above exception was the direct cause of the following exception:
..\..\..\AppData\Local\Programs\Python\Python313\Lib\site-packages\sqlalchemy\sql\compiler.py:6791: in visit_create_table
    processed = self.process(
..\..\..\AppData\Local\Programs\Python\Python313\Lib\site-packages\sqlalchemy\sql\compiler.py:933: in process
    return obj._compiler_dispatch(self, **kwargs)
           ^^^^^^^^^^^^^^^^^^^^^^^^^^^^^^^^^^^^^^
..\..\..\AppData\Local\Programs\Python\Python313\Lib\site-packages\sqlalchemy\sql\visitors.py:138: in _compiler_dispatch
    return meth(self, **kw)  # type: ignore  # noqa: E501
           ^^^^^^^^^^^^^^^^
..\..\..\AppData\Local\Programs\Python\Python313\Lib\site-packages\sqlalchemy\sql\compiler.py:6822: in visit_create_column
    text = self.get_column_specification(column, first_pk=first_pk)
           ^^^^^^^^^^^^^^^^^^^^^^^^^^^^^^^^^^^^^^^^^^^^^^^^^^^^^^^^
..\..\..\AppData\Local\Programs\Python\Python313\Lib\site-packages\sqlalchemy\dialects\sqlite\base.py:1692: in get_column_specification
    coltype = self.dialect.type_compiler_instance.process(
..\..\..\AppData\Local\Programs\Python\Python313\Lib\site-packages\sqlalchemy\sql\compiler.py:978: in process
    return type_._compiler_dispatch(self, **kw)
           ^^^^^^^^^^^^^^^^^^^^^^^^^^^^^^^^^^^^
..\..\..\AppData\Local\Programs\Python\Python313\Lib\site-packages\sqlalchemy\sql\visitors.py:136: in _compiler_dispatch
    return visitor.visit_unsupported_compilation(self, err, **kw)  # type: ignore  # noqa: E501
           ^^^^^^^^^^^^^^^^^^^^^^^^^^^^^^^^^^^^^^^^^^^^^^^^^^^^^^
..\..\..\AppData\Local\Programs\Python\Python313\Lib\site-packages\sqlalchemy\sql\compiler.py:983: in visit_unsupported_compilation
    raise exc.UnsupportedCompilationError(self, element) from err
E   sqlalchemy.exc.UnsupportedCompilationError: Compiler <sqlalchemy.dialects.sqlite.base.SQLiteTypeCompiler object at 0x000001F6C6B73620> can't render element of type JSONB (Background on this error at: https://sqlalche.me/e/20/l7de)

The above exception was the direct cause of the following exception:
..\..\..\AppData\Local\Programs\Python\Python313\Lib\site-packages\pytest_asyncio\plugin.py:558: in setup
    return super().setup()
           ^^^^^^^^^^^^^^^
..\..\..\AppData\Local\Programs\Python\Python313\Lib\site-packages\pytest_asyncio\plugin.py:407: in _asyncgen_fixture_wrapper
    result = runner.run(setup(), context=context)
             ^^^^^^^^^^^^^^^^^^^^^^^^^^^^^^^^^^^^
..\..\..\AppData\Local\Programs\Python\Python313\Lib\asyncio\runners.py:118: in run
    return self._loop.run_until_complete(task)
           ^^^^^^^^^^^^^^^^^^^^^^^^^^^^^^^^^^^
..\..\..\AppData\Local\Programs\Python\Python313\Lib\asyncio\base_events.py:725: in run_until_complete
    return future.result()
           ^^^^^^^^^^^^^^^
..\..\..\AppData\Local\Programs\Python\Python313\Lib\site-packages\pytest_asyncio\plugin.py:403: in setup
    res = await gen_obj.__anext__()
          ^^^^^^^^^^^^^^^^^^^^^^^^^
tests\conftest.py:54: in setup_database
    await conn.run_sync(Base.metadata.create_all)
..\..\..\AppData\Local\Programs\Python\Python313\Lib\site-packages\sqlalchemy\ext\asyncio\engine.py:888: in run_sync
    return await greenlet_spawn(
..\..\..\AppData\Local\Programs\Python\Python313\Lib\site-packages\sqlalchemy\util\_concurrency_py3k.py:203: in greenlet_spawn
    result = context.switch(value)
             ^^^^^^^^^^^^^^^^^^^^^
..\..\..\AppData\Local\Programs\Python\Python313\Lib\site-packages\sqlalchemy\sql\schema.py:5928: in create_all
    bind._run_ddl_visitor(
..\..\..\AppData\Local\Programs\Python\Python313\Lib\site-packages\sqlalchemy\engine\base.py:2467: in _run_ddl_visitor
    ).traverse_single(element)
      ^^^^^^^^^^^^^^^^^^^^^^^^
..\..\..\AppData\Local\Programs\Python\Python313\Lib\site-packages\sqlalchemy\sql\visitors.py:661: in traverse_single
    return meth(obj, **kw)
           ^^^^^^^^^^^^^^^
..\..\..\AppData\Local\Programs\Python\Python313\Lib\site-packages\sqlalchemy\sql\ddl.py:984: in visit_metadata
    self.traverse_single(
..\..\..\AppData\Local\Programs\Python\Python313\Lib\site-packages\sqlalchemy\sql\visitors.py:661: in traverse_single
    return meth(obj, **kw)
           ^^^^^^^^^^^^^^^
..\..\..\AppData\Local\Programs\Python\Python313\Lib\site-packages\sqlalchemy\sql\ddl.py:1022: in visit_table
    )._invoke_with(self.connection)
      ^^^^^^^^^^^^^^^^^^^^^^^^^^^^^
..\..\..\AppData\Local\Programs\Python\Python313\Lib\site-packages\sqlalchemy\sql\ddl.py:321: in _invoke_with
    return bind.execute(self)
           ^^^^^^^^^^^^^^^^^^
..\..\..\AppData\Local\Programs\Python\Python313\Lib\site-packages\sqlalchemy\engine\base.py:1419: in execute
    return meth(
..\..\..\AppData\Local\Programs\Python\Python313\Lib\site-packages\sqlalchemy\sql\ddl.py:187: in _execute_on_connection
    return connection._execute_ddl(
..\..\..\AppData\Local\Programs\Python\Python313\Lib\site-packages\sqlalchemy\engine\base.py:1527: in _execute_ddl
    compiled = ddl.compile(
..\..\..\AppData\Local\Programs\Python\Python313\Lib\site-packages\sqlalchemy\sql\elements.py:312: in compile
    return self._compiler(dialect, **kw)
           ^^^^^^^^^^^^^^^^^^^^^^^^^^^^^
..\..\..\AppData\Local\Programs\Python\Python313\Lib\site-packages\sqlalchemy\sql\ddl.py:76: in _compiler
    return dialect.ddl_compiler(dialect, self, **kw)
           ^^^^^^^^^^^^^^^^^^^^^^^^^^^^^^^^^^^^^^^^^
..\..\..\AppData\Local\Programs\Python\Python313\Lib\site-packages\sqlalchemy\sql\compiler.py:887: in __init__
    self.string = self.process(self.statement, **compile_kwargs)
                  ^^^^^^^^^^^^^^^^^^^^^^^^^^^^^^^^^^^^^^^^^^^^^^
..\..\..\AppData\Local\Programs\Python\Python313\Lib\site-packages\sqlalchemy\sql\compiler.py:933: in process
    return obj._compiler_dispatch(self, **kwargs)
           ^^^^^^^^^^^^^^^^^^^^^^^^^^^^^^^^^^^^^^
..\..\..\AppData\Local\Programs\Python\Python313\Lib\site-packages\sqlalchemy\sql\visitors.py:138: in _compiler_dispatch
    return meth(self, **kw)  # type: ignore  # noqa: E501
           ^^^^^^^^^^^^^^^^
..\..\..\AppData\Local\Programs\Python\Python313\Lib\site-packages\sqlalchemy\sql\compiler.py:6801: in visit_create_table
    raise exc.CompileError(
E   sqlalchemy.exc.CompileError: (in table 'product_moderation', column 'json_before'): Compiler <sqlalchemy.dialects.sqlite.base.SQLiteTypeCompiler object at 0x000001F6C6B73620> can't render element of type JSONB
_ ERROR at setup of TestGetOthersProduct.test_get_others_product_returns_404 __
..\..\..\AppData\Local\Programs\Python\Python313\Lib\site-packages\sqlalchemy\sql\visitors.py:134: in _compiler_dispatch
    meth = getter(visitor)
           ^^^^^^^^^^^^^^^
E   AttributeError: 'SQLiteTypeCompiler' object has no attribute 'visit_JSONB'. Did you mean: 'visit_JSON'?

The above exception was the direct cause of the following exception:
..\..\..\AppData\Local\Programs\Python\Python313\Lib\site-packages\sqlalchemy\sql\compiler.py:6791: in visit_create_table
    processed = self.process(
..\..\..\AppData\Local\Programs\Python\Python313\Lib\site-packages\sqlalchemy\sql\compiler.py:933: in process
    return obj._compiler_dispatch(self, **kwargs)
           ^^^^^^^^^^^^^^^^^^^^^^^^^^^^^^^^^^^^^^
..\..\..\AppData\Local\Programs\Python\Python313\Lib\site-packages\sqlalchemy\sql\visitors.py:138: in _compiler_dispatch
    return meth(self, **kw)  # type: ignore  # noqa: E501
           ^^^^^^^^^^^^^^^^
..\..\..\AppData\Local\Programs\Python\Python313\Lib\site-packages\sqlalchemy\sql\compiler.py:6822: in visit_create_column
    text = self.get_column_specification(column, first_pk=first_pk)
           ^^^^^^^^^^^^^^^^^^^^^^^^^^^^^^^^^^^^^^^^^^^^^^^^^^^^^^^^
..\..\..\AppData\Local\Programs\Python\Python313\Lib\site-packages\sqlalchemy\dialects\sqlite\base.py:1692: in get_column_specification
    coltype = self.dialect.type_compiler_instance.process(
..\..\..\AppData\Local\Programs\Python\Python313\Lib\site-packages\sqlalchemy\sql\compiler.py:978: in process
    return type_._compiler_dispatch(self, **kw)
           ^^^^^^^^^^^^^^^^^^^^^^^^^^^^^^^^^^^^
..\..\..\AppData\Local\Programs\Python\Python313\Lib\site-packages\sqlalchemy\sql\visitors.py:136: in _compiler_dispatch
    return visitor.visit_unsupported_compilation(self, err, **kw)  # type: ignore  # noqa: E501
           ^^^^^^^^^^^^^^^^^^^^^^^^^^^^^^^^^^^^^^^^^^^^^^^^^^^^^^
..\..\..\AppData\Local\Programs\Python\Python313\Lib\site-packages\sqlalchemy\sql\compiler.py:983: in visit_unsupported_compilation
    raise exc.UnsupportedCompilationError(self, element) from err
E   sqlalchemy.exc.UnsupportedCompilationError: Compiler <sqlalchemy.dialects.sqlite.base.SQLiteTypeCompiler object at 0x000001F6C6B73620> can't render element of type JSONB (Background on this error at: https://sqlalche.me/e/20/l7de)

The above exception was the direct cause of the following exception:
..\..\..\AppData\Local\Programs\Python\Python313\Lib\site-packages\pytest_asyncio\plugin.py:558: in setup
    return super().setup()
           ^^^^^^^^^^^^^^^
..\..\..\AppData\Local\Programs\Python\Python313\Lib\site-packages\pytest_asyncio\plugin.py:407: in _asyncgen_fixture_wrapper
    result = runner.run(setup(), context=context)
             ^^^^^^^^^^^^^^^^^^^^^^^^^^^^^^^^^^^^
..\..\..\AppData\Local\Programs\Python\Python313\Lib\asyncio\runners.py:118: in run
    return self._loop.run_until_complete(task)
           ^^^^^^^^^^^^^^^^^^^^^^^^^^^^^^^^^^^
..\..\..\AppData\Local\Programs\Python\Python313\Lib\asyncio\base_events.py:725: in run_until_complete
    return future.result()
           ^^^^^^^^^^^^^^^
..\..\..\AppData\Local\Programs\Python\Python313\Lib\site-packages\pytest_asyncio\plugin.py:403: in setup
    res = await gen_obj.__anext__()
          ^^^^^^^^^^^^^^^^^^^^^^^^^
tests\conftest.py:54: in setup_database
    await conn.run_sync(Base.metadata.create_all)
..\..\..\AppData\Local\Programs\Python\Python313\Lib\site-packages\sqlalchemy\ext\asyncio\engine.py:888: in run_sync
    return await greenlet_spawn(
..\..\..\AppData\Local\Programs\Python\Python313\Lib\site-packages\sqlalchemy\util\_concurrency_py3k.py:203: in greenlet_spawn
    result = context.switch(value)
             ^^^^^^^^^^^^^^^^^^^^^
..\..\..\AppData\Local\Programs\Python\Python313\Lib\site-packages\sqlalchemy\sql\schema.py:5928: in create_all
    bind._run_ddl_visitor(
..\..\..\AppData\Local\Programs\Python\Python313\Lib\site-packages\sqlalchemy\engine\base.py:2467: in _run_ddl_visitor
    ).traverse_single(element)
      ^^^^^^^^^^^^^^^^^^^^^^^^
..\..\..\AppData\Local\Programs\Python\Python313\Lib\site-packages\sqlalchemy\sql\visitors.py:661: in traverse_single
    return meth(obj, **kw)
           ^^^^^^^^^^^^^^^
..\..\..\AppData\Local\Programs\Python\Python313\Lib\site-packages\sqlalchemy\sql\ddl.py:984: in visit_metadata
    self.traverse_single(
..\..\..\AppData\Local\Programs\Python\Python313\Lib\site-packages\sqlalchemy\sql\visitors.py:661: in traverse_single
    return meth(obj, **kw)
           ^^^^^^^^^^^^^^^
..\..\..\AppData\Local\Programs\Python\Python313\Lib\site-packages\sqlalchemy\sql\ddl.py:1022: in visit_table
    )._invoke_with(self.connection)
      ^^^^^^^^^^^^^^^^^^^^^^^^^^^^^
..\..\..\AppData\Local\Programs\Python\Python313\Lib\site-packages\sqlalchemy\sql\ddl.py:321: in _invoke_with
    return bind.execute(self)
           ^^^^^^^^^^^^^^^^^^
..\..\..\AppData\Local\Programs\Python\Python313\Lib\site-packages\sqlalchemy\engine\base.py:1419: in execute
    return meth(
..\..\..\AppData\Local\Programs\Python\Python313\Lib\site-packages\sqlalchemy\sql\ddl.py:187: in _execute_on_connection
    return connection._execute_ddl(
..\..\..\AppData\Local\Programs\Python\Python313\Lib\site-packages\sqlalchemy\engine\base.py:1527: in _execute_ddl
    compiled = ddl.compile(
..\..\..\AppData\Local\Programs\Python\Python313\Lib\site-packages\sqlalchemy\sql\elements.py:312: in compile
    return self._compiler(dialect, **kw)
           ^^^^^^^^^^^^^^^^^^^^^^^^^^^^^
..\..\..\AppData\Local\Programs\Python\Python313\Lib\site-packages\sqlalchemy\sql\ddl.py:76: in _compiler
    return dialect.ddl_compiler(dialect, self, **kw)
           ^^^^^^^^^^^^^^^^^^^^^^^^^^^^^^^^^^^^^^^^^
..\..\..\AppData\Local\Programs\Python\Python313\Lib\site-packages\sqlalchemy\sql\compiler.py:887: in __init__
    self.string = self.process(self.statement, **compile_kwargs)
                  ^^^^^^^^^^^^^^^^^^^^^^^^^^^^^^^^^^^^^^^^^^^^^^
..\..\..\AppData\Local\Programs\Python\Python313\Lib\site-packages\sqlalchemy\sql\compiler.py:933: in process
    return obj._compiler_dispatch(self, **kwargs)
           ^^^^^^^^^^^^^^^^^^^^^^^^^^^^^^^^^^^^^^
..\..\..\AppData\Local\Programs\Python\Python313\Lib\site-packages\sqlalchemy\sql\visitors.py:138: in _compiler_dispatch
    return meth(self, **kw)  # type: ignore  # noqa: E501
           ^^^^^^^^^^^^^^^^
..\..\..\AppData\Local\Programs\Python\Python313\Lib\site-packages\sqlalchemy\sql\compiler.py:6801: in visit_create_table
    raise exc.CompileError(
E   sqlalchemy.exc.CompileError: (in table 'product_moderation', column 'json_before'): Compiler <sqlalchemy.dialects.sqlite.base.SQLiteTypeCompiler object at 0x000001F6C6B73620> can't render element of type JSONB
================================== FAILURES ===================================
_________ TestGetNonexistentProduct.test_get_nonexistent_returns_404 __________
tests\test_b2b_products.py:135: in test_get_nonexistent_returns_404
    response = await client.get(f"/api/v1/products/{nonexistent_id}")
               ^^^^^^^^^^^^^^^^^^^^^^^^^^^^^^^^^^^^^^^^^^^^^^^^^^^^^^
..\..\..\AppData\Local\Programs\Python\Python313\Lib\site-packages\httpx\_client.py:1757: in get
    return await self.request(
..\..\..\AppData\Local\Programs\Python\Python313\Lib\site-packages\httpx\_client.py:1533: in request
    return await self.send(request, auth=auth, follow_redirects=follow_redirects)
           ^^^^^^^^^^^^^^^^^^^^^^^^^^^^^^^^^^^^^^^^^^^^^^^^^^^^^^^^^^^^^^^^^^^^^^
..\..\..\AppData\Local\Programs\Python\Python313\Lib\site-packages\httpx\_client.py:1620: in send
    response = await self._send_handling_auth(
..\..\..\AppData\Local\Programs\Python\Python313\Lib\site-packages\httpx\_client.py:1648: in _send_handling_auth
    response = await self._send_handling_redirects(
..\..\..\AppData\Local\Programs\Python\Python313\Lib\site-packages\httpx\_client.py:1685: in _send_handling_redirects
    response = await self._send_single_request(request)
               ^^^^^^^^^^^^^^^^^^^^^^^^^^^^^^^^^^^^^^^^
..\..\..\AppData\Local\Programs\Python\Python313\Lib\site-packages\httpx\_client.py:1722: in _send_single_request
    response = await transport.handle_async_request(request)
               ^^^^^^^^^^^^^^^^^^^^^^^^^^^^^^^^^^^^^^^^^^^^^
..\..\..\AppData\Local\Programs\Python\Python313\Lib\site-packages\httpx\_transports\asgi.py:162: in handle_async_request
    await self.app(scope, receive, send)
..\..\..\AppData\Local\Programs\Python\Python313\Lib\site-packages\fastapi\applications.py:1054: in __call__
    await super().__call__(scope, receive, send)
..\..\..\AppData\Local\Programs\Python\Python313\Lib\site-packages\starlette\applications.py:123: in __call__
    await self.middleware_stack(scope, receive, send)
..\..\..\AppData\Local\Programs\Python\Python313\Lib\site-packages\starlette\middleware\errors.py:186: in __call__
    raise exc
..\..\..\AppData\Local\Programs\Python\Python313\Lib\site-packages\starlette\middleware\errors.py:164: in __call__
    await self.app(scope, receive, _send)
..\..\..\AppData\Local\Programs\Python\Python313\Lib\site-packages\starlette\middleware\exceptions.py:65: in __call__
    await wrap_app_handling_exceptions(self.app, conn)(scope, receive, send)
..\..\..\AppData\Local\Programs\Python\Python313\Lib\site-packages\starlette\_exception_handler.py:64: in wrapped_app
    raise exc
..\..\..\AppData\Local\Programs\Python\Python313\Lib\site-packages\starlette\_exception_handler.py:53: in wrapped_app
    await app(scope, receive, sender)
..\..\..\AppData\Local\Programs\Python\Python313\Lib\site-packages\starlette\routing.py:756: in __call__
    await self.middleware_stack(scope, receive, send)
..\..\..\AppData\Local\Programs\Python\Python313\Lib\site-packages\starlette\routing.py:776: in app
    await route.handle(scope, receive, send)
..\..\..\AppData\Local\Programs\Python\Python313\Lib\site-packages\starlette\routing.py:297: in handle
    await self.app(scope, receive, send)
..\..\..\AppData\Local\Programs\Python\Python313\Lib\site-packages\starlette\routing.py:77: in app
    await wrap_app_handling_exceptions(app, request)(scope, receive, send)
..\..\..\AppData\Local\Programs\Python\Python313\Lib\site-packages\starlette\_exception_handler.py:64: in wrapped_app
    raise exc
..\..\..\AppData\Local\Programs\Python\Python313\Lib\site-packages\starlette\_exception_handler.py:53: in wrapped_app
    await app(scope, receive, sender)
..\..\..\AppData\Local\Programs\Python\Python313\Lib\site-packages\starlette\routing.py:72: in app
    response = await func(request)
               ^^^^^^^^^^^^^^^^^^^
..\..\..\AppData\Local\Programs\Python\Python313\Lib\site-packages\fastapi\routing.py:278: in app
    raw_response = await run_endpoint_function(
..\..\..\AppData\Local\Programs\Python\Python313\Lib\site-packages\fastapi\routing.py:191: in run_endpoint_function
    return await dependant.call(**values)
           ^^^^^^^^^^^^^^^^^^^^^^^^^^^^^^
apis\b2b\products.py:104: in get_product
    product = await service.get_product(product_id)
              ^^^^^^^^^^^^^^^^^^^^^^^^^^^^^^^^^^^^^
services\b2b_service.py:73: in get_product
    result = await self.session.execute(query)
             ^^^^^^^^^^^^^^^^^^^^^^^^^^^^^^^^^
..\..\..\AppData\Local\Programs\Python\Python313\Lib\site-packages\sqlalchemy\ext\asyncio\session.py:449: in execute
    result = await greenlet_spawn(
..\..\..\AppData\Local\Programs\Python\Python313\Lib\site-packages\sqlalchemy\util\_concurrency_py3k.py:201: in greenlet_spawn
    result = context.throw(*sys.exc_info())
             ^^^^^^^^^^^^^^^^^^^^^^^^^^^^^^
..\..\..\AppData\Local\Programs\Python\Python313\Lib\site-packages\sqlalchemy\orm\session.py:2351: in execute
    return self._execute_internal(
..\..\..\AppData\Local\Programs\Python\Python313\Lib\site-packages\sqlalchemy\orm\session.py:2239: in _execute_internal
    conn = self._connection_for_bind(bind)
           ^^^^^^^^^^^^^^^^^^^^^^^^^^^^^^^
..\..\..\AppData\Local\Programs\Python\Python313\Lib\site-packages\sqlalchemy\orm\session.py:2108: in _connection_for_bind
    return trans._connection_for_bind(engine, execution_options)
           ^^^^^^^^^^^^^^^^^^^^^^^^^^^^^^^^^^^^^^^^^^^^^^^^^^^^^
<string>:2: in _connection_for_bind
    ???
..\..\..\AppData\Local\Programs\Python\Python313\Lib\site-packages\sqlalchemy\orm\state_changes.py:137: in _go
    ret_value = fn(self, *arg, **kw)
                ^^^^^^^^^^^^^^^^^^^^
..\..\..\AppData\Local\Programs\Python\Python313\Lib\site-packages\sqlalchemy\orm\session.py:1187: in _connection_for_bind
    conn = bind.connect()
           ^^^^^^^^^^^^^^
..\..\..\AppData\Local\Programs\Python\Python313\Lib\site-packages\sqlalchemy\engine\base.py:3285: in connect
    return self._connection_cls(self)
           ^^^^^^^^^^^^^^^^^^^^^^^^^^
..\..\..\AppData\Local\Programs\Python\Python313\Lib\site-packages\sqlalchemy\engine\base.py:143: in __init__
    self._dbapi_connection = engine.raw_connection()
                             ^^^^^^^^^^^^^^^^^^^^^^^
..\..\..\AppData\Local\Programs\Python\Python313\Lib\site-packages\sqlalchemy\engine\base.py:3309: in raw_connection
    return self.pool.connect()
           ^^^^^^^^^^^^^^^^^^^
..\..\..\AppData\Local\Programs\Python\Python313\Lib\site-packages\sqlalchemy\pool\base.py:447: in connect
    return _ConnectionFairy._checkout(self)
           ^^^^^^^^^^^^^^^^^^^^^^^^^^^^^^^^
..\..\..\AppData\Local\Programs\Python\Python313\Lib\site-packages\sqlalchemy\pool\base.py:1264: in _checkout
    fairy = _ConnectionRecord.checkout(pool)
            ^^^^^^^^^^^^^^^^^^^^^^^^^^^^^^^^
..\..\..\AppData\Local\Programs\Python\Python313\Lib\site-packages\sqlalchemy\pool\base.py:711: in checkout
    rec = pool._do_get()
          ^^^^^^^^^^^^^^
..\..\..\AppData\Local\Programs\Python\Python313\Lib\site-packages\sqlalchemy\pool\impl.py:177: in _do_get
    with util.safe_reraise():
         ^^^^^^^^^^^^^^^^^^^
..\..\..\AppData\Local\Programs\Python\Python313\Lib\site-packages\sqlalchemy\util\langhelpers.py:224: in __exit__
    raise exc_value.with_traceback(exc_tb)
..\..\..\AppData\Local\Programs\Python\Python313\Lib\site-packages\sqlalchemy\pool\impl.py:175: in _do_get
    return self._create_connection()
           ^^^^^^^^^^^^^^^^^^^^^^^^^
..\..\..\AppData\Local\Programs\Python\Python313\Lib\site-packages\sqlalchemy\pool\base.py:388: in _create_connection
    return _ConnectionRecord(self)
           ^^^^^^^^^^^^^^^^^^^^^^^
..\..\..\AppData\Local\Programs\Python\Python313\Lib\site-packages\sqlalchemy\pool\base.py:673: in __init__
    self.__connect()
..\..\..\AppData\Local\Programs\Python\Python313\Lib\site-packages\sqlalchemy\pool\base.py:899: in __connect
    with util.safe_reraise():
         ^^^^^^^^^^^^^^^^^^^
..\..\..\AppData\Local\Programs\Python\Python313\Lib\site-packages\sqlalchemy\util\langhelpers.py:224: in __exit__
    raise exc_value.with_traceback(exc_tb)
..\..\..\AppData\Local\Programs\Python\Python313\Lib\site-packages\sqlalchemy\pool\base.py:895: in __connect
    self.dbapi_connection = connection = pool._invoke_creator(self)
                                         ^^^^^^^^^^^^^^^^^^^^^^^^^^
..\..\..\AppData\Local\Programs\Python\Python313\Lib\site-packages\sqlalchemy\engine\create.py:661: in connect
    return dialect.connect(*cargs, **cparams)
           ^^^^^^^^^^^^^^^^^^^^^^^^^^^^^^^^^^
..\..\..\AppData\Local\Programs\Python\Python313\Lib\site-packages\sqlalchemy\engine\default.py:630: in connect
    return self.loaded_dbapi.connect(*cargs, **cparams)  # type: ignore[no-any-return]  # NOQA: E501
           ^^^^^^^^^^^^^^^^^^^^^^^^^^^^^^^^^^^^^^^^^^^^
..\..\..\AppData\Local\Programs\Python\Python313\Lib\site-packages\sqlalchemy\dialects\postgresql\asyncpg.py:955: in connect
    await_only(creator_fn(*arg, **kw)),
    ^^^^^^^^^^^^^^^^^^^^^^^^^^^^^^^^^^
..\..\..\AppData\Local\Programs\Python\Python313\Lib\site-packages\sqlalchemy\util\_concurrency_py3k.py:132: in await_only
    return current.parent.switch(awaitable)  # type: ignore[no-any-return,attr-defined] # noqa: E501
           ^^^^^^^^^^^^^^^^^^^^^^^^^^^^^^^^
..\..\..\AppData\Local\Programs\Python\Python313\Lib\site-packages\sqlalchemy\util\_concurrency_py3k.py:196: in greenlet_spawn
    value = await result
            ^^^^^^^^^^^^
..\..\..\AppData\Local\Programs\Python\Python313\Lib\site-packages\asyncpg\connection.py:2443: in connect
    return await connect_utils._connect(
..\..\..\AppData\Local\Programs\Python\Python313\Lib\site-packages\asyncpg\connect_utils.py:1249: in _connect
    raise last_error or exceptions.TargetServerAttributeNotMatched(
..\..\..\AppData\Local\Programs\Python\Python313\Lib\site-packages\asyncpg\connect_utils.py:1218: in _connect
    conn = await _connect_addr(
..\..\..\AppData\Local\Programs\Python\Python313\Lib\site-packages\asyncpg\connect_utils.py:1054: in _connect_addr
    return await __connect_addr(params, True, *args)
           ^^^^^^^^^^^^^^^^^^^^^^^^^^^^^^^^^^^^^^^^^
..\..\..\AppData\Local\Programs\Python\Python313\Lib\site-packages\asyncpg\connect_utils.py:1099: in __connect_addr
    tr, pr = await connector
             ^^^^^^^^^^^^^^^
..\..\..\AppData\Local\Programs\Python\Python313\Lib\site-packages\asyncpg\connect_utils.py:969: in _create_ssl_connection
    tr, pr = await loop.create_connection(
..\..\..\AppData\Local\Programs\Python\Python313\Lib\asyncio\base_events.py:1176: in create_connection
    raise exceptions[0]
..\..\..\AppData\Local\Programs\Python\Python313\Lib\asyncio\base_events.py:1146: in create_connection
    sock = await self._connect_sock(
..\..\..\AppData\Local\Programs\Python\Python313\Lib\asyncio\base_events.py:1045: in _connect_sock
    await self.sock_connect(sock, address)
..\..\..\AppData\Local\Programs\Python\Python313\Lib\asyncio\proactor_events.py:728: in sock_connect
    return await self._proactor.connect(sock, address)
           ^^^^^^^^^^^^^^^^^^^^^^^^^^^^^^^^^^^^^^^^^^^
..\..\..\AppData\Local\Programs\Python\Python313\Lib\asyncio\windows_events.py:804: in _poll
    value = callback(transferred, key, ov)
            ^^^^^^^^^^^^^^^^^^^^^^^^^^^^^^
..\..\..\AppData\Local\Programs\Python\Python313\Lib\asyncio\windows_events.py:600: in finish_connect
    ov.getresult()
E   ConnectionRefusedError: [WinError 1225] O computador remoto recusou a liga\xe7\xe3o da rede
============================== warnings summary ===============================
schemas\b2b_schemas.py:88
  C:\Users\Пользователь\Downloads\neomarket-canon-US-MOD-01\neomarket-canon-US-MOD-01\schemas\b2b_schemas.py:88: PydanticDeprecatedSince20: Support for class-based `config` is deprecated, use ConfigDict instead. Deprecated in Pydantic V2.0 to be removed in V3.0. See Pydantic V2 Migration Guide at https://errors.pydantic.dev/2.12/migration/
    class SKUResponse(BaseModel):

schemas\b2b_schemas.py:139
  C:\Users\Пользователь\Downloads\neomarket-canon-US-MOD-01\neomarket-canon-US-MOD-01\schemas\b2b_schemas.py:139: PydanticDeprecatedSince20: Support for class-based `config` is deprecated, use ConfigDict instead. Deprecated in Pydantic V2.0 to be removed in V3.0. See Pydantic V2 Migration Guide at https://errors.pydantic.dev/2.12/migration/
    class ProductResponse(BaseModel):

..\..\..\AppData\Local\Programs\Python\Python313\Lib\site-packages\starlette\formparsers.py:12
  C:\Users\Пользователь\AppData\Local\Programs\Python\Python313\Lib\site-packages\starlette\formparsers.py:12: PendingDeprecationWarning: Please use `import python_multipart` instead.
    import multipart

apis\moderation\events.py:50
  C:\Users\Пользователь\Downloads\neomarket-canon-US-MOD-01\neomarket-canon-US-MOD-01\apis\moderation\events.py:50: PydanticDeprecatedSince20: Support for class-based `config` is deprecated, use ConfigDict instead. Deprecated in Pydantic V2.0 to be removed in V3.0. See Pydantic V2 Migration Guide at https://errors.pydantic.dev/2.12/migration/
    class ProductEventRequest(BaseModel):

-- Docs: https://docs.pytest.org/en/stable/how-to/capture-warnings.html
=========================== short test summary info ===========================
FAILED tests\\test_b2b_products.py::TestGetNonexistentProduct::test_get_nonexistent_returns_404 - ConnectionRefusedError: [WinError 1225] O computador remoto recusou a liga\xe7\xe3o da rede
ERROR tests\test_b2b_products.py::TestGetModeratedProduct::test_get_moderated_product_returns_full_payload - sqlalchemy.exc.CompileError: (in table 'product_moderation', column 'json_before'): Compiler <sqlalchemy.dialects.sqlite.base.SQLiteTypeCompiler object at 0x000001F6C6B73620> can't render element of type JSONB
ERROR tests\test_b2b_products.py::TestGetBlockedProduct::test_get_blocked_product_returns_blocking_reason_and_field_reports - sqlalchemy.exc.CompileError: (in table 'product_moderation', column 'json_before'): Compiler <sqlalchemy.dialects.sqlite.base.SQLiteTypeCompiler object at 0x000001F6C6B73620> can't render element of type JSONB
ERROR tests\test_b2b_products.py::TestGetOthersProduct::test_get_others_product_returns_404 - sqlalchemy.exc.CompileError: (in table 'product_moderation', column 'json_before'): Compiler <sqlalchemy.dialects.sqlite.base.SQLiteTypeCompiler object at 0x000001F6C6B73620> can't render element of type JSONB
================== 1 failed, 4 warnings, 3 errors in 10.83s ===================
